// Jest Snapshot v1, https://goo.gl/fbAQLP

exports[`mlDropdown Component renders the select element 1`] = `[Function]`;
