// Jest Snapshot v1, https://goo.gl/fbAQLP

exports[`atPageTitle component should render correctly 1`] = `
<DocumentFragment>
  <h1
    class="font-archivo font-bold text-2xl leading-7 tracking-sm text-center text-gray-medium lg:text-4xl lg:leading-10 "
  >
    Catalog
  </h1>
</DocumentFragment>
`;
