// Jest Snapshot v1, https://goo.gl/fbAQLP

exports[`layout Component renders children correctly 1`] = `
<DocumentFragment>
  <main>
    <div
      data-testid="child"
    >
      Hello Layout
    </div>
  </main>
</DocumentFragment>
`;
