// Jest Snapshot v1, https://goo.gl/fbAQLP

exports[`catalogProducts should render correctly 1`] = `
<DocumentFragment>
  <section
    products="[object Object],[object Object],[object Object],[object Object],[object Object],[object Object],[object Object],[object Object],[object Object],[object Object],[object Object],[object Object],[object Object],[object Object],[object Object],[object Object],[object Object],[object Object],[object Object],[object Object],[object Object],[object Object],[object Object],[object Object],[object Object],[object Object],[object Object],[object Object],[object Object],[object Object]"
  >
    <div
      class="max-w-desktop mx-auto"
    >
      <ul
        class="grid grid-cols-1 gap-6 py-8 px-6 md:grid-cols-2 lg:grid-cols-3 lg:gap-12 xl:pl-0 xl:pr-11 xl:py-12 items-stretch "
      />
      <svg
        class="w-8 fill-cta-fill-primary mx-auto my-6"
        viewBox="0 0 24 24"
        xmlns="http://www.w3.org/2000/svg"
      >
        <g>
          <circle
            cx="12"
            cy="3"
            r="1"
          >
            <animate
              attributeName="r"
              begin="0;spinner_tKsu.end-0.5s"
              calcMode="spline"
              dur="0.6s"
              id="spinner_7Z73"
              keySplines=".27,.42,.37,.99;.53,0,.61,.73"
              values="1;2;1"
            />
          </circle>
          <circle
            cx="16.50"
            cy="4.21"
            r="1"
          >
            <animate
              attributeName="r"
              begin="spinner_7Z73.begin+0.1s"
              calcMode="spline"
              dur="0.6s"
              id="spinner_Wd87"
              keySplines=".27,.42,.37,.99;.53,0,.61,.73"
              values="1;2;1"
            />
          </circle>
          <circle
            cx="7.50"
            cy="4.21"
            r="1"
          >
            <animate
              attributeName="r"
              begin="spinner_9Qlc.begin+0.1s"
              calcMode="spline"
              dur="0.6s"
              id="spinner_tKsu"
              keySplines=".27,.42,.37,.99;.53,0,.61,.73"
              values="1;2;1"
            />
          </circle>
          <circle
            cx="19.79"
            cy="7.50"
            r="1"
          >
            <animate
              attributeName="r"
              begin="spinner_Wd87.begin+0.1s"
              calcMode="spline"
              dur="0.6s"
              id="spinner_lMMO"
              keySplines=".27,.42,.37,.99;.53,0,.61,.73"
              values="1;2;1"
            />
          </circle>
          <circle
            cx="4.21"
            cy="7.50"
            r="1"
          >
            <animate
              attributeName="r"
              begin="spinner_Khxv.begin+0.1s"
              calcMode="spline"
              dur="0.6s"
              id="spinner_9Qlc"
              keySplines=".27,.42,.37,.99;.53,0,.61,.73"
              values="1;2;1"
            />
          </circle>
          <circle
            cx="21.00"
            cy="12.00"
            r="1"
          >
            <animate
              attributeName="r"
              begin="spinner_lMMO.begin+0.1s"
              calcMode="spline"
              dur="0.6s"
              id="spinner_5L9t"
              keySplines=".27,.42,.37,.99;.53,0,.61,.73"
              values="1;2;1"
            />
          </circle>
          <circle
            cx="3.00"
            cy="12.00"
            r="1"
          >
            <animate
              attributeName="r"
              begin="spinner_ld6P.begin+0.1s"
              calcMode="spline"
              dur="0.6s"
              id="spinner_Khxv"
              keySplines=".27,.42,.37,.99;.53,0,.61,.73"
              values="1;2;1"
            />
          </circle>
          <circle
            cx="19.79"
            cy="16.50"
            r="1"
          >
            <animate
              attributeName="r"
              begin="spinner_5L9t.begin+0.1s"
              calcMode="spline"
              dur="0.6s"
              id="spinner_BfTD"
              keySplines=".27,.42,.37,.99;.53,0,.61,.73"
              values="1;2;1"
            />
          </circle>
          <circle
            cx="4.21"
            cy="16.50"
            r="1"
          >
            <animate
              attributeName="r"
              begin="spinner_XyBs.begin+0.1s"
              calcMode="spline"
              dur="0.6s"
              id="spinner_ld6P"
              keySplines=".27,.42,.37,.99;.53,0,.61,.73"
              values="1;2;1"
            />
          </circle>
          <circle
            cx="16.50"
            cy="19.79"
            r="1"
          >
            <animate
              attributeName="r"
              begin="spinner_BfTD.begin+0.1s"
              calcMode="spline"
              dur="0.6s"
              id="spinner_7gAK"
              keySplines=".27,.42,.37,.99;.53,0,.61,.73"
              values="1;2;1"
            />
          </circle>
          <circle
            cx="7.50"
            cy="19.79"
            r="1"
          >
            <animate
              attributeName="r"
              begin="spinner_HiSl.begin+0.1s"
              calcMode="spline"
              dur="0.6s"
              id="spinner_XyBs"
              keySplines=".27,.42,.37,.99;.53,0,.61,.73"
              values="1;2;1"
            />
          </circle>
          <circle
            cx="12"
            cy="21"
            r="1"
          >
            <animate
              attributeName="r"
              begin="spinner_7gAK.begin+0.1s"
              calcMode="spline"
              dur="0.6s"
              id="spinner_HiSl"
              keySplines=".27,.42,.37,.99;.53,0,.61,.73"
              values="1;2;1"
            />
          </circle>
          <animatetransform
            attributeName="transform"
            dur="6s"
            repeatCount="indefinite"
            type="rotate"
            values="360 12 12;0 12 12"
          />
        </g>
      </svg>
    </div>
  </section>
</DocumentFragment>
`;
